---
source: src/tests/wildcard.rs
expression: human
---
Vetting Succeeded (3 fully audited)

